
  [30;43;1m WARN [39;49;22m Your XML configuration validates against a deprecated schema. Migrate your XML configuration using "--migrate-configuration"!

   FAIL  Tests\Feature\ApiEndpointsTest
  ✓ auth regi… 4.24s  
  ✓ auth logi… 0.09s  
  ✓ donor pro… 0.09s  
  ⨯ create bl… 0.08s  
  ✓ public en… 0.06s  
  ✓ blood ban… 0.07s  
  ✓ admin das… 0.10s  
  ──────────────────  
   FAILED  Tests\F…   
  Expected response status code [201] but received 422.
Failed asserting that 422 is identical to 201.

  at tests\Feature\ApiEndpointsTest.php:80
     76▕         ]);
     77▕ 
     78▕         // Note: Logic might require user->organization() relationship to be set.
     79▕         // We will verify this if it fails.
  ➜  80▕         $response->assertStatus(201)
     81▕             ->assertJsonFragment(['blood_group' => 'A+']);
     82▕     }
     83▕ 
     84▕     public function test_public_endpoints()


  Tests:    1 failed, 6 passed (13 assertions)
  Duration: 5.06s

